// Jest Snapshot v1, https://goo.gl/fbAQLP

exports[`Header Should match the snapshot 1`] = `
<h1>
  React JS Global Mentoring Program
</h1>
`;
